Running: /opt/Xilinx/14.7/ISE_DS/ISE/bin/lin64/unwrapped/fuse -intstyle ise -incremental -lib secureip -o /home/ise/CSE_450_Xilinx/Faiza-22201121-Mid/alu_4bit_tb_isim_beh.exe -prj /home/ise/CSE_450_Xilinx/Faiza-22201121-Mid/alu_4bit_tb_beh.prj work.alu_4bit_tb 
ISim P.20131013 (signature 0xfbc00daa)
Number of CPUs detected in this system: 1
Turning on mult-threading, number of parallel sub-compilation jobs: 0 
Determining compilation order of HDL files
Parsing VHDL file "/home/ise/CSE_450_Xilinx/Faiza-22201121-Mid/or_gate.vhd" into library work
Parsing VHDL file "/home/ise/CSE_450_Xilinx/Faiza-22201121-Mid/full_adder_1bit.vhd" into library work
Parsing VHDL file "/home/ise/CSE_450_Xilinx/Faiza-22201121-Mid/and_gate.vhd" into library work
Parsing VHDL file "/home/ise/CSE_450_Xilinx/Faiza-22201121-Mid/or_4bit.vhd" into library work
Parsing VHDL file "/home/ise/CSE_450_Xilinx/Faiza-22201121-Mid/mux_4to1_4bit.vhd" into library work
Parsing VHDL file "/home/ise/CSE_450_Xilinx/Faiza-22201121-Mid/full_adder_4bit.vhd" into library work
Parsing VHDL file "/home/ise/CSE_450_Xilinx/Faiza-22201121-Mid/and_4bit.vhd" into library work
Parsing VHDL file "/home/ise/CSE_450_Xilinx/Faiza-22201121-Mid/alu_4bit.vhd" into library work
Parsing VHDL file "/home/ise/CSE_450_Xilinx/Faiza-22201121-Mid/alu_4bit_tb.vhd" into library work
Starting static elaboration
Completed static elaboration
Fuse Memory Usage: 95584 KB
Fuse CPU Usage: 990 ms
Compiling package standard
Compiling package std_logic_1164
Compiling architecture behavioral of entity and_gate [and_gate_default]
Compiling architecture structural of entity and_4bit [and_4bit_default]
Compiling architecture behavioral of entity or_gate [or_gate_default]
Compiling architecture structural of entity or_4bit [or_4bit_default]
Compiling architecture structural of entity full_adder_1bit [full_adder_1bit_default]
Compiling architecture structural of entity full_adder_4bit [full_adder_4bit_default]
Compiling architecture behavioral of entity mux_4to1_4bit [mux_4to1_4bit_default]
Compiling architecture structural of entity alu_4bit [alu_4bit_default]
Compiling architecture test of entity alu_4bit_tb
Time Resolution for simulation is 1ps.
Compiled 19 VHDL Units
Built simulation executable /home/ise/CSE_450_Xilinx/Faiza-22201121-Mid/alu_4bit_tb_isim_beh.exe
Fuse Memory Usage: 104256 KB
Fuse CPU Usage: 1030 ms
GCC CPU Usage: 250 ms
